---
###
### Linkerd Viz Extension Namespace
###
kind: Namespace
apiVersion: v1
metadata:
  name: linkerd-viz
  labels:
    linkerd.io/extension: viz
  annotations:
    viz.linkerd.io/external-prometheus: external-prom.com
    linkerd.io/inject: enabled
    config.linkerd.io/proxy-await: "enabled"
---
###
### Metrics API RBAC
###
kind: ClusterRole
apiVersion: rbac.authorization.k8s.io/v1
metadata:
  name: linkerd-linkerd-viz-metrics-api
  labels:
    linkerd.io/extension: viz
    component: metrics-api
rules:
- apiGroups: ["extensions", "apps"]
  resources: ["daemonsets", "deployments", "replicasets", "statefulsets"]
  verbs: ["list", "get", "watch"]
- apiGroups: ["extensions", "batch"]
  resources: ["cronjobs", "jobs"]
  verbs: ["list" , "get", "watch"]
- apiGroups: [""]
  resources: ["pods", "endpoints", "services", "replicationcontrollers", "namespaces"]
  verbs: ["list", "get", "watch"]
- apiGroups: ["linkerd.io"]
  resources: ["serviceprofiles"]
  verbs: ["list", "get", "watch"]
- apiGroups: ["policy.linkerd.io"]
  resources: ["servers", "serverauthorizations"]
  verbs: ["list", "get"]
---
kind: ClusterRoleBinding
apiVersion: rbac.authorization.k8s.io/v1
metadata:
  name: linkerd-linkerd-viz-metrics-api
  labels:
    linkerd.io/extension: viz
    component: metrics-api
roleRef:
  apiGroup: rbac.authorization.k8s.io
  kind: ClusterRole
  name: linkerd-linkerd-viz-metrics-api
subjects:
- kind: ServiceAccount
  name: metrics-api
  namespace: linkerd-viz
---
kind: ServiceAccount
apiVersion: v1
metadata:
  name: metrics-api
  namespace: linkerd-viz
  labels:
    linkerd.io/extension: viz
    component: metrics-api
---
###
### Grafana RBAC
###
kind: ServiceAccount
apiVersion: v1
metadata:
  name: grafana
  namespace: linkerd-viz
  labels:
    linkerd.io/extension: viz
    component: grafana
    namespace: linkerd-viz
---
###
### Tap RBAC
###
kind: ClusterRole
apiVersion: rbac.authorization.k8s.io/v1
metadata:
  name: linkerd-linkerd-viz-tap
  labels:
    linkerd.io/extension: viz
    component: tap
rules:
- apiGroups: [""]
  resources: ["pods", "services", "replicationcontrollers", "namespaces", "nodes"]
  verbs: ["list", "get", "watch"]
- apiGroups: ["extensions", "apps"]
  resources: ["daemonsets", "deployments", "replicasets", "statefulsets"]
  verbs: ["list", "get", "watch"]
- apiGroups: ["extensions", "batch"]
  resources: ["cronjobs", "jobs"]
  verbs: ["list" , "get", "watch"]
---
kind: ClusterRole
apiVersion: rbac.authorization.k8s.io/v1
metadata:
  name: linkerd-linkerd-viz-tap-admin
  labels:
    linkerd.io/extension: viz
    component: tap
rules:
- apiGroups: [""]
  resources: ["namespaces"]
  verbs: ["list"]
- apiGroups: ["tap.linkerd.io"]
  resources: ["*"]
  verbs: ["watch"]
---
kind: ClusterRoleBinding
apiVersion: rbac.authorization.k8s.io/v1
metadata:
  name: linkerd-linkerd-viz-tap
  labels:
    linkerd.io/extension: viz
    component: tap
roleRef:
  apiGroup: rbac.authorization.k8s.io
  kind: ClusterRole
  name: linkerd-linkerd-viz-tap
subjects:
- kind: ServiceAccount
  name: tap
  namespace: linkerd-viz
---
apiVersion: rbac.authorization.k8s.io/v1
kind: ClusterRoleBinding
metadata:
  name: linkerd-linkerd-viz-tap-auth-delegator
  labels:
    linkerd.io/extension: viz
    component: tap
roleRef:
  apiGroup: rbac.authorization.k8s.io
  kind: ClusterRole
  name: system:auth-delegator
subjects:
- kind: ServiceAccount
  name: tap
  namespace: linkerd-viz
---
kind: ServiceAccount
apiVersion: v1
metadata:
  name: tap
  namespace: linkerd-viz
  labels:
    linkerd.io/extension: viz
    component: tap
    namespace: linkerd-viz
---
apiVersion: rbac.authorization.k8s.io/v1
kind: RoleBinding
metadata:
  name: linkerd-linkerd-viz-tap-auth-reader
  namespace: kube-system
  labels:
    linkerd.io/extension: viz
    component: tap
    namespace: linkerd-viz
roleRef:
  apiGroup: rbac.authorization.k8s.io
  kind: Role
  name: extension-apiserver-authentication-reader
subjects:
- kind: ServiceAccount
  name: tap
  namespace: linkerd-viz
---
kind: Secret
apiVersion: v1
metadata:
  name: tap-k8s-tls
  namespace: linkerd-viz
  labels:
    linkerd.io/extension: viz
    component: tap
    namespace: linkerd-viz
  annotations:
    linkerd.io/created-by: linkerd/helm dev-undefined
type: kubernetes.io/tls
data:
  tls.crt: dGVzdC10YXAtY3J0LXBlbQ==
  tls.key: dGVzdC10YXAta2V5LXBlbQ==
---
apiVersion: apiregistration.k8s.io/v1
kind: APIService
metadata:
  name: v1alpha1.tap.linkerd.io
  labels:
    linkerd.io/extension: viz
    component: tap
spec:
  group: tap.linkerd.io
  version: v1alpha1
  groupPriorityMinimum: 1000
  versionPriority: 100
  service:
    name: tap
    namespace: linkerd-viz
  caBundle: dGVzdC10YXAtY2EtYnVuZGxl
---
###
### Web RBAC
###
apiVersion: rbac.authorization.k8s.io/v1
kind: Role
metadata:
  name: web
  namespace: linkerd
  labels:
    linkerd.io/extension: viz
    component: web
    namespace: linkerd
rules:
- apiGroups: [""]
  resources: ["configmaps"]
  verbs: ["get"]
  resourceNames: ["linkerd-config"]
- apiGroups: [""]
  resources: ["namespaces", "configmaps"]
  verbs: ["get"]
- apiGroups: [""]
  resources: ["serviceaccounts", "pods"]
  verbs: ["list"]
- apiGroups: ["apps"]
  resources: ["replicasets"]
  verbs: ["list"]
---
apiVersion: rbac.authorization.k8s.io/v1
kind: RoleBinding
metadata:
  name: web
  namespace: linkerd
  labels:
    linkerd.io/extension: viz
    component: web
    namespace: linkerd
roleRef:
  kind: Role
  name: web
  apiGroup: rbac.authorization.k8s.io
subjects:
- kind: ServiceAccount
  name: web
  namespace: linkerd-viz
---
apiVersion: rbac.authorization.k8s.io/v1
kind: ClusterRole
metadata:
  name: linkerd-linkerd-viz-web-check
  labels:
    linkerd.io/extension: viz
    component: web
rules:
- apiGroups: ["rbac.authorization.k8s.io"]
  resources: ["clusterroles", "clusterrolebindings"]
  verbs: ["list"]
- apiGroups: ["apiextensions.k8s.io"]
  resources: ["customresourcedefinitions"]
  verbs: ["list"]
- apiGroups: ["admissionregistration.k8s.io"]
  resources: ["mutatingwebhookconfigurations", "validatingwebhookconfigurations"]
  verbs: ["list"]
- apiGroups: ["linkerd.io"]
  resources: ["serviceprofiles"]
  verbs: ["list"]
- apiGroups: [""]
  resources: ["nodes"]
  verbs: ["list"]
- apiGroups: ["apiregistration.k8s.io"]
  resources: ["apiservices"]
  verbs: ["get"]
---
apiVersion: rbac.authorization.k8s.io/v1
kind: ClusterRoleBinding
metadata:
  name: linkerd-linkerd-viz-web-check
  labels:
    linkerd.io/extension: viz
    component: web
roleRef:
  kind: ClusterRole
  name: linkerd-linkerd-viz-web-check
  apiGroup: rbac.authorization.k8s.io
subjects:
- kind: ServiceAccount
  name: web
  namespace: linkerd-viz
---
kind: ClusterRoleBinding
apiVersion: rbac.authorization.k8s.io/v1
metadata:
  name: linkerd-linkerd-viz-web-admin
  labels:
    linkerd.io/extension: viz
    component: web
roleRef:
  apiGroup: rbac.authorization.k8s.io
  kind: ClusterRole
  name: linkerd-linkerd-viz-tap-admin
subjects:
- kind: ServiceAccount
  name: web
  namespace: linkerd-viz
---
apiVersion: rbac.authorization.k8s.io/v1
kind: ClusterRole
metadata:
  name: linkerd-linkerd-viz-web-api
  labels:
    linkerd.io/extension: viz
    component: web
rules:
- apiGroups: [""]
  resources: ["namespaces"]
  verbs: ["list"]
---
apiVersion: rbac.authorization.k8s.io/v1
kind: ClusterRoleBinding
metadata:
  name: linkerd-linkerd-viz-web-api
  labels:
    linkerd.io/extension: viz
    component: web
roleRef:
  kind: ClusterRole
  name: linkerd-linkerd-viz-web-api
  apiGroup: rbac.authorization.k8s.io
subjects:
- kind: ServiceAccount
  name: web
  namespace: linkerd-viz
---
kind: ServiceAccount
apiVersion: v1
metadata:
  name: web
  namespace: linkerd-viz
  labels:
    linkerd.io/extension: viz
    component: web
    namespace: linkerd-viz
---
apiVersion: policy.linkerd.io/v1beta1
kind: Server
metadata:
  namespace: linkerd-viz
  name: admin
  labels:
    linkerd.io/extension: viz
  annotations:
    linkerd.io/created-by: linkerd/helm dev-undefined
spec:
  podSelector:
    matchLabels:
      linkerd.io/extension: viz
  port: admin-http
  proxyProtocol: HTTP/1
---
apiVersion: policy.linkerd.io/v1beta1
kind: ServerAuthorization
metadata:
  namespace: linkerd-viz
  name: admin
  labels:
    linkerd.io/extension: viz
  annotations:
    linkerd.io/created-by: linkerd/helm dev-undefined
spec:
  server:
    name: admin
  client:
    # for kubelet probes and prometheus scraping
    unauthenticated: true

---
apiVersion: policy.linkerd.io/v1beta1
kind: Server
metadata:
  namespace: linkerd-viz
  name: proxy-admin
  labels:
    linkerd.io/extension: viz
  annotations:
    linkerd.io/created-by: linkerd/helm dev-undefined
spec:
  podSelector:
    matchLabels:
      linkerd.io/extension: viz
  port: linkerd-admin
  proxyProtocol: HTTP/1
---
apiVersion: policy.linkerd.io/v1beta1
kind: ServerAuthorization
metadata:
  namespace: linkerd-viz
  name: proxy-admin
  labels:
    linkerd.io/extension: viz
  annotations:
    linkerd.io/created-by: linkerd/helm dev-undefined
spec:
  server:
    name: proxy-admin
  client:
    # for kubelet probes
    unauthenticated: true

---
###
### Metrics API
###
kind: Service
apiVersion: v1
metadata:
  name: metrics-api
  namespace: linkerd-viz
  labels:
    linkerd.io/extension: viz
    component: metrics-api
  annotations:
    linkerd.io/created-by: linkerd/helm dev-undefined
spec:
  type: ClusterIP
  selector:
    linkerd.io/extension: viz
    component: metrics-api
  ports:
  - name: http
    port: 8085
    targetPort: 8085
---
apiVersion: apps/v1
kind: Deployment
metadata:
  annotations:
    linkerd.io/created-by: linkerd/helm dev-undefined
  labels:
    linkerd.io/extension: viz
    app.kubernetes.io/name: metrics-api
    app.kubernetes.io/part-of: Linkerd
    app.kubernetes.io/version: dev-undefined
    component: metrics-api
  name: metrics-api
  namespace: linkerd-viz
spec:
  replicas: 1
  selector:
    matchLabels:
      linkerd.io/extension: viz
      component: metrics-api
  template:
    metadata:
      annotations:
        checksum/config: ae930acf3edba3cbf32c43dacfa4808bf679c5c932870cb2a2a46de1023f01c8
        linkerd.io/created-by: linkerd/helm dev-undefined
      labels:
        linkerd.io/extension: viz
        component: metrics-api
    spec:
      nodeSelector:
        kubernetes.io/os: linux
      containers:
      - args:
        - -controller-namespace=linkerd
        - -log-level=info
        - -log-format=plain
        - -cluster-domain=cluster.local
        - -prometheus-url=external-prom.com
        image: cr.l5d.io/linkerd/metrics-api:dev-undefined
        imagePullPolicy: IfNotPresent
        livenessProbe:
          httpGet:
            path: /ping
            port: 9995
          initialDelaySeconds: 10
        name: metrics-api
        ports:
        - containerPort: 8085
          name: http
        - containerPort: 9995
          name: admin-http
        readinessProbe:
          failureThreshold: 7
          httpGet:
            path: /ready
            port: 9995
        resources:
        securityContext:
          runAsUser: 2103
      serviceAccountName: metrics-api
---
apiVersion: policy.linkerd.io/v1beta1
kind: Server
metadata:
  namespace: linkerd-viz
  name: metrics-api
  labels:
    linkerd.io/extension: viz
    component: metrics-api
  annotations:
    linkerd.io/created-by: linkerd/helm dev-undefined
spec:
  podSelector:
    matchLabels:
      linkerd.io/extension: viz
      component: metrics-api
  port: http
  proxyProtocol: HTTP/1
---
apiVersion: policy.linkerd.io/v1beta1
kind: ServerAuthorization
metadata:
  namespace: linkerd-viz
  name: metrics-api
  labels:
    linkerd.io/extension: viz
    component: metrics-api
  annotations:
    linkerd.io/created-by: linkerd/helm dev-undefined
spec:
  server:
    name: metrics-api
  client:
    meshTLS:
      serviceAccounts:
      - name: web
      - name: prometheus
---
###
### Grafana
###
kind: ConfigMap
apiVersion: v1
metadata:
  name: grafana-config
  namespace: linkerd-viz
  labels:
    linkerd.io/extension: viz
    component: grafana
    namespace: linkerd-viz
  annotations:
    linkerd.io/created-by: linkerd/helm dev-undefined
data:
  grafana.ini: |-
    instance_name = grafana
    [server]
    root_url = %(protocol)s://%(domain)s:/grafana/
    [auth]
    disable_login_form = true
    [auth.anonymous]
    enabled = true
    org_role = Editor
    [auth.basic]
    enabled = false
    [analytics]
    check_for_updates = false
    [panels]
    disable_sanitize_html = true
    [log]
    mode = console
    [log.console]
    format = text
    level = info
  datasources.yaml: |-
    apiVersion: 1
    datasources:
    - name: prometheus
      type: prometheus
      access: proxy
      orgId: 1
      url: external-prom.com
      isDefault: true
      jsonData:
        timeInterval: "5s"
      version: 1
      editable: true

  dashboards.yaml: |-
    apiVersion: 1
    providers:
    - name: 'default'
      orgId: 1
      folder: ''
      type: file
      disableDeletion: true
      editable: true
      options:
        path: /var/lib/grafana/dashboards
        homeDashboardId: linkerd-top-line
---
kind: Service
apiVersion: v1
metadata:
  name: grafana
  namespace: linkerd-viz
  labels:
    linkerd.io/extension: viz
    component: grafana
    namespace: linkerd-viz
  annotations:
    linkerd.io/created-by: linkerd/helm dev-undefined
spec:
  type: ClusterIP
  selector:
    linkerd.io/extension: viz
    component: grafana
  ports:
  - name: http
    port: 3000
    targetPort: 3000
---
apiVersion: apps/v1
kind: Deployment
metadata:
  annotations:
    linkerd.io/created-by: linkerd/helm dev-undefined
  labels:
    linkerd.io/extension: viz
    app.kubernetes.io/name: grafana
    app.kubernetes.io/part-of: Linkerd
    app.kubernetes.io/version: dev-undefined
    component: grafana
    namespace: linkerd-viz
  name: grafana
  namespace: linkerd-viz
spec:
  replicas: 1
  selector:
    matchLabels:
      linkerd.io/extension: viz
      component: grafana
      namespace: linkerd-viz
  template:
    metadata:
      annotations:
        linkerd.io/created-by: linkerd/helm dev-undefined
      labels:
        linkerd.io/extension: viz
        component: grafana
        namespace: linkerd-viz
    spec:
      nodeSelector:
        kubernetes.io/os: linux
      containers:
      - env:
        - name: GF_PATHS_DATA
          value: /data
        # Force using the go-based DNS resolver instead of the OS' to avoid failures in some environments
        # see https://github.com/grafana/grafana/issues/20096
        - name: GODEBUG
          value: netdns=go
        image: cr.l5d.io/linkerd/grafana:dev-undefined
        imagePullPolicy: IfNotPresent
        livenessProbe:
          httpGet:
            path: /api/health
            port: 3000
          initialDelaySeconds: 30
        name: grafana
        ports:
        - containerPort: 3000
          name: http
        readinessProbe:
          httpGet:
            path: /api/health
            port: 3000
        resources:
        securityContext:
          runAsUser: 472
        volumeMounts:
        - mountPath: /data
          name: data
        - mountPath: /etc/grafana
          name: grafana-config
          readOnly: true
      serviceAccountName: grafana
      volumes:
      - emptyDir: {}
        name: data
      - configMap:
          items:
          - key: grafana.ini
            path: grafana.ini
          - key: datasources.yaml
            path: provisioning/datasources/datasources.yaml
          - key: dashboards.yaml
            path: provisioning/dashboards/dashboards.yaml
          name: grafana-config
        name: grafana-config
---
apiVersion: policy.linkerd.io/v1beta1
kind: Server
metadata:
  namespace: linkerd-viz
  name: grafana
  labels:
    linkerd.io/extension: viz
    component: grafana
  annotations:
    linkerd.io/created-by: linkerd/helm dev-undefined
spec:
  podSelector:
    matchLabels:
      linkerd.io/extension: viz
      component: grafana
  port: http
  proxyProtocol: HTTP/1
---
apiVersion: policy.linkerd.io/v1beta1
kind: ServerAuthorization
metadata:
  namespace: linkerd-viz
  name: grafana
  labels:
    linkerd.io/extension: viz
    component: grafana
  annotations:
    linkerd.io/created-by: linkerd/helm dev-undefined
spec:
  server:
    name: grafana
  client:
    # web, prometheus and the kubelet probes
    unauthenticated: true
---
###
### Tap
###
kind: Service
apiVersion: v1
metadata:
  name: tap
  namespace: linkerd-viz
  labels:
    linkerd.io/extension: viz
    component: tap
    namespace: linkerd-viz
  annotations:
    linkerd.io/created-by: linkerd/helm dev-undefined
spec:
  type: ClusterIP
  selector:
    linkerd.io/extension: viz
    component: tap
  ports:
  - name: grpc
    port: 8088
    targetPort: 8088
  - name: apiserver
    port: 443
    targetPort: apiserver
---
kind: Deployment
apiVersion: apps/v1
metadata:
  annotations:
    linkerd.io/created-by: linkerd/helm dev-undefined
  labels:
    linkerd.io/extension: viz
    app.kubernetes.io/name: tap
    app.kubernetes.io/part-of: Linkerd
    app.kubernetes.io/version: dev-undefined
    component: tap
    namespace: linkerd-viz
  name: tap
  namespace: linkerd-viz
spec:
  replicas: 1
  selector:
    matchLabels:
      linkerd.io/extension: viz
      component: tap
      namespace: linkerd-viz
  template:
    metadata:
      annotations:
        checksum/config: 2ab0ec921e7f9cb65f62dd4f2ebb77d06827c9621f473c3a9c42ad2741603c3e
        linkerd.io/created-by: linkerd/helm dev-undefined
      labels:
        linkerd.io/extension: viz
        component: tap
        namespace: linkerd-viz
    spec:
      nodeSelector:
        kubernetes.io/os: linux
      containers:
      - args:
        - api
        - -api-namespace=linkerd
        - -log-level=info
        - -log-format=plain
        - -identity-trust-domain=cluster.local
        image: cr.l5d.io/linkerd/tap:dev-undefined
        imagePullPolicy: IfNotPresent
        livenessProbe:
          httpGet:
            path: /ping
            port: 9998
          initialDelaySeconds: 10
        name: tap
        ports:
        - containerPort: 8088
          name: grpc
        - containerPort: 8089
          name: apiserver
        - containerPort: 9998
          name: admin-http
        readinessProbe:
          failureThreshold: 7
          httpGet:
            path: /ready
            port: 9998
        resources:
        securityContext:
          runAsUser: 2103
        volumeMounts:
        - mountPath: /var/run/linkerd/tls
          name: tls
          readOnly: true
      serviceAccountName: tap
      volumes:
      - name: tls
        secret:
          secretName: tap-k8s-tls
---
apiVersion: policy.linkerd.io/v1beta1
kind: Server
metadata:
  namespace: linkerd-viz
  name: tap-api
  labels:
    linkerd.io/extension: viz
    component: tap
  annotations:
    linkerd.io/created-by: linkerd/helm dev-undefined
spec:
  podSelector:
    matchLabels:
      linkerd.io/extension: viz
      component: tap
  port: apiserver
  proxyProtocol: TLS
---
apiVersion: policy.linkerd.io/v1beta1
kind: ServerAuthorization
metadata:
  namespace: linkerd-viz
  name: tap
  labels:
    linkerd.io/extension: viz
    component: tap
  annotations:
    linkerd.io/created-by: linkerd/helm dev-undefined
spec:
  server:
    name: tap-api
  client:
    # traffic coming from kube-api
    unauthenticated: true
---
###
### Tap Injector RBAC
###
kind: ClusterRole
apiVersion: rbac.authorization.k8s.io/v1
metadata:
  name: linkerd-tap-injector
  labels:
    linkerd.io/extension: viz
rules:
- apiGroups: [""]
  resources: ["namespaces"]
  verbs: ["get", "list", "watch"]
---
kind: ClusterRoleBinding
apiVersion: rbac.authorization.k8s.io/v1
metadata:
  name: linkerd-tap-injector
  labels:
    linkerd.io/extension: viz
subjects:
- kind: ServiceAccount
  name: tap-injector
  namespace: linkerd-viz
roleRef:
  kind: ClusterRole
  name: linkerd-tap-injector
  apiGroup: rbac.authorization.k8s.io
---
kind: ServiceAccount
apiVersion: v1
metadata:
  name: tap-injector
  namespace: linkerd-viz
---
kind: Secret
apiVersion: v1
metadata:
  name: tap-injector-k8s-tls
  namespace: linkerd-viz
  annotations:
    linkerd.io/created-by: linkerd/helm dev-undefined
  labels:
    linkerd.io/extension: viz
type: kubernetes.io/tls
data:
  tls.crt: dGVzdC10YXAtY3J0LXBlbQ==
  tls.key: dGVzdC10YXAta2V5LXBlbQ==
---
apiVersion: admissionregistration.k8s.io/v1
kind: MutatingWebhookConfiguration
metadata:
  name: linkerd-tap-injector-webhook-config
  labels:
    linkerd.io/extension: viz
webhooks:
- name: tap-injector.linkerd.io
  clientConfig:
    service:
      name: tap-injector
      namespace: linkerd-viz
      path: "/"
    caBundle: dGVzdC10YXAtY2EtYnVuZGxl
  failurePolicy: Ignore
  admissionReviewVersions: ["v1", "v1beta1"]
  reinvocationPolicy: IfNeeded
  rules:
  - operations: [ "CREATE" ]
    apiGroups: [""]
    apiVersions: ["v1"]
    resources: ["pods"]
  sideEffects: None
---
###
### Tap Injector
###
kind: Service
apiVersion: v1
metadata:
  name: tap-injector
  namespace: linkerd-viz
  labels:
    linkerd.io/extension: viz
    component: tap-injector
  annotations:
    linkerd.io/created-by: linkerd/helm dev-undefined
spec:
  type: ClusterIP
  selector:
    linkerd.io/extension: viz
    component: tap-injector
  ports:
  - name: tap-injector
    port: 443
    targetPort: tap-injector
---
kind: Deployment
apiVersion: apps/v1
metadata:
  annotations:
    linkerd.io/created-by: linkerd/helm dev-undefined
  labels:
    linkerd.io/extension: viz
    app.kubernetes.io/name: tap-injector
    app.kubernetes.io/part-of: Linkerd
    component: tap-injector
  name: tap-injector
  namespace: linkerd-viz
spec:
  replicas: 1
  selector:
    matchLabels:
      component: tap-injector
  template:
    metadata:
      annotations:
        checksum/config: 954486b77f49f95fc44392cf8ea7672033f74102bab63103d00a61ea7895c281
        linkerd.io/created-by: linkerd/helm dev-undefined
      labels:
        linkerd.io/extension: viz
        component: tap-injector
    spec:
      nodeSelector:
        kubernetes.io/os: linux
      containers:
      - args:
        - injector
        - -tap-service-name=tap.linkerd-viz.serviceaccount.identity.linkerd.cluster.local
        - -log-level=info
        - -log-format=plain
        image: cr.l5d.io/linkerd/tap:dev-undefined
        imagePullPolicy: IfNotPresent
        livenessProbe:
          httpGet:
            path: /ping
            port: 9995
          initialDelaySeconds: 10
        name: tap-injector
        ports:
        - containerPort: 8443
          name: tap-injector
        - containerPort: 9995
          name: admin-http
        readinessProbe:
          failureThreshold: 7
          httpGet:
            path: /ready
            port: 9995
        resources:
        securityContext:
          runAsUser: 2103
        volumeMounts:
        - mountPath: /var/run/linkerd/tls
          name: tls
          readOnly: true
      serviceAccountName: tap-injector
      volumes:
      - name: tls
        secret:
          secretName: tap-injector-k8s-tls
---
apiVersion: policy.linkerd.io/v1beta1
kind: Server
metadata:
  namespace: linkerd-viz
  name: tap-injector-webhook
  labels:
    linkerd.io/extension: viz
    component: tap-injector
  annotations:
    linkerd.io/created-by: linkerd/helm dev-undefined
spec:
  podSelector:
    matchLabels:
      linkerd.io/extension: viz
      component: tap-injector
  port: tap-injector
  proxyProtocol: TLS
---
apiVersion: policy.linkerd.io/v1beta1
kind: ServerAuthorization
metadata:
  namespace: linkerd-viz
  name: tap-injector
  labels:
    linkerd.io/extension: viz
    component: tap-injector
  annotations:
    linkerd.io/created-by: linkerd/helm dev-undefined
spec:
  server:
    name: tap-injector-webhook
  client:
    # traffic coming from kube-api
    unauthenticated: true
---
###
### Web
###
kind: Service
apiVersion: v1
metadata:
  name: web
  namespace: linkerd-viz
  labels:
    linkerd.io/extension: viz
    component: web
    namespace: linkerd-viz
  annotations:
    linkerd.io/created-by: linkerd/helm dev-undefined
spec:
  type: ClusterIP
  selector:
    linkerd.io/extension: viz
    component: web
  ports:
  - name: http
    port: 8084
    targetPort: 8084
  - name: admin-http
    port: 9994
    targetPort: 9994
---
apiVersion: apps/v1
kind: Deployment
metadata:
  annotations:
    linkerd.io/created-by: linkerd/helm dev-undefined
  labels:
    linkerd.io/extension: viz
    app.kubernetes.io/name: web
    app.kubernetes.io/part-of: Linkerd
    app.kubernetes.io/version: dev-undefined
    component: web
    namespace: linkerd-viz
  name: web
  namespace: linkerd-viz
spec:
  replicas: 1
  selector:
    matchLabels:
      linkerd.io/extension: viz
      component: web
      namespace: linkerd-viz
  template:
    metadata:
      annotations:
        linkerd.io/created-by: linkerd/helm dev-undefined
      labels:
        linkerd.io/extension: viz
        component: web
        namespace: linkerd-viz
    spec:
      nodeSelector:
        kubernetes.io/os: linux
      containers:
      - args:
        - -linkerd-metrics-api-addr=metrics-api.linkerd-viz.svc.cluster.local:8085
        - -cluster-domain=cluster.local
        - -grafana-addr=grafana.linkerd-viz.svc.cluster.local:3000
        - -controller-namespace=linkerd
        - -viz-namespace=linkerd-viz
        - -log-level=info
        - -log-format=plain
        - -enforced-host=^(localhost|127\.0\.0\.1|web\.linkerd-viz\.svc\.cluster\.local|web\.linkerd-viz\.svc|\[::1\])(:\d+)?$
        image: cr.l5d.io/linkerd/web:dev-undefined
        imagePullPolicy: IfNotPresent
        livenessProbe:
          httpGet:
            path: /ping
            port: 9994
          initialDelaySeconds: 10
        name: web
        ports:
        - containerPort: 8084
          name: http
        - containerPort: 9994
          name: admin-http
        readinessProbe:
          failureThreshold: 7
          httpGet:
            path: /ready
            port: 9994
        resources:
        securityContext:
          runAsUser: 2103
      serviceAccountName: web
---
apiVersion: linkerd.io/v1alpha2
kind: ServiceProfile
metadata:
  name: metrics-api.linkerd-viz.svc.cluster.local
  namespace: linkerd-viz
spec:
  routes:
  - name: POST /api/v1/StatSummary
    condition:
      method: POST
      pathRegex: /api/v1/StatSummary
  - name: POST /api/v1/TopRoutes
    condition:
      method: POST
      pathRegex: /api/v1/TopRoutes
  - name: POST /api/v1/ListPods
    condition:
      method: POST
      pathRegex: /api/v1/ListPods
  - name: POST /api/v1/ListServices
    condition:
      method: POST
      pathRegex: /api/v1/ListServices
  - name: POST /api/v1/SelfCheck
    condition:
      method: POST
      pathRegex: /api/v1/SelfCheck
  - name: POST /api/v1/Gateways
    condition:
      method: POST
      pathRegex: /api/v1/Gateways
  - name: POST /api/v1/Edges
    condition:
      method: POST
      pathRegex: /api/v1/Edges
---
apiVersion: linkerd.io/v1alpha2
kind: ServiceProfile
metadata:
  name: grafana.linkerd-viz.svc.cluster.local
  namespace: linkerd-viz
spec:
  routes:
  - name: GET /api/annotations
    condition:
      method: GET
      pathRegex: /api/annotations
  - name: GET /api/dashboards/tags
    condition:
      method: GET
      pathRegex: /api/dashboards/tags
  - name: GET /api/dashboards/uid/{uid}
    condition:
      method: GET
      pathRegex: /api/dashboards/uid/.*
  - name: GET /api/dashboard/{dashboard}
    condition:
      method: GET
      pathRegex: /api/dashboard/.*
  - name: GET /api/datasources/proxy/1/api/v1/series
    condition:
      method: GET
      pathRegex: /api/datasources/proxy/1/api/v1/series
  - name: GET /api/datasources/proxy/1/api/v1/query_range
    condition:
      method: GET
      pathRegex: /api/datasources/proxy/1/api/v1/query_range
  - name: GET /api/search
    condition:
      method: GET
      pathRegex: /api/search
  - name: GET /d/{uid}/{dashboard-name}
    condition:
      method: GET
      pathRegex: /d/[^/]*/.*
  - name: GET /public/build/{style}.css
    condition:
      method: GET
      pathRegex: /public/build/.*\.css
  - name: GET /public/fonts/{font}
    condition:
      method: GET
      pathRegex: /public/fonts/.*
  - name: GET /public/img/{img}
    condition:
      method: GET
      pathRegex: /public/img/.*
