req id=1:0 proxy=out src=0.0.0.1:0 dst=[ff01::1]:0 tls=true :method=GET :authority=localhost :path=/some/path dst_pod=my-pod dst_tls=true
end id=1:0 proxy=out src=0.0.0.1:0 dst=[ff01::1]:0 tls= grpc-status=Code(666) duration=0Âµs response-length=1337B
