{
  "ip": "0.0.0.1",
  "port": 0,
  "metadata": null
}
{
  "ip": "0.0.0.1",
  "port": 0,
  "metadata": null
}
