---
kind: Namespace
apiVersion: v1
metadata:
  name: linkerd-jaeger
  labels:
    linkerd.io/extension: jaeger
    pod-security.kubernetes.io/enforce: privileged
---
###
### Jaeger Injector
###
apiVersion: apps/v1
kind: Deployment
metadata:
  labels:
    linkerd.io/extension: jaeger
    app.kubernetes.io/name: jaeger-injector
    app.kubernetes.io/part-of: Linkerd
    app.kubernetes.io/version: dev-undefined
    component: jaeger-injector
  name: jaeger-injector
  namespace: linkerd-jaeger
spec:
  replicas: 1
  selector:
    matchLabels:
      linkerd.io/extension: jaeger
      component: jaeger-injector
  template:
    metadata:
      annotations:
        checksum/config: a04ba1a16e496979281fa0f89ce6fd006f36147cdb900269800f775b187baf7e
        linkerd.io/inject: enabled
        config.linkerd.io/proxy-await: "enabled"
        config.alpha.linkerd.io/proxy-wait-before-exit-seconds: "0"
        cluster-autoscaler.kubernetes.io/safe-to-evict: "true"
      labels:
        linkerd.io/extension: jaeger
        component: jaeger-injector
    spec:
      nodeSelector:
        kubernetes.io/os: linux
      containers:
      - args:
        - -collector-svc-addr=collector.linkerd-jaeger:55678
        - -collector-svc-account=collector
        - -log-level=info
        - -cluster-domain=cluster.local
        - -linkerd-namespace=linkerd
        - -enable-pprof=false
        image: cr.l5d.io/linkerd/jaeger-webhook:dev-undefined
        livenessProbe:
          httpGet:
            path: /ping
            port: 9995
          initialDelaySeconds: 10
        name: jaeger-injector
        ports:
        - containerPort: 8443
          name: jaeger-injector
        - containerPort: 9995
          name: admin-http
        readinessProbe:
          failureThreshold: 7
          httpGet:
            path: /ready
            port: 9995
        securityContext:
          allowPrivilegeEscalation: false
          capabilities:
            drop:
            - ALL
          readOnlyRootFilesystem: true
          runAsNonRoot: true
          runAsUser: 2103
          seccompProfile:
            type: RuntimeDefault
        volumeMounts:
        - mountPath: /var/run/linkerd/tls
          name: tls
          readOnly: true
        resources:
      securityContext:
        seccompProfile:
          type: RuntimeDefault
      serviceAccountName: jaeger-injector
      volumes:
      - name: tls
        secret:
          secretName: jaeger-injector-k8s-tls
---
kind: Service
apiVersion: v1
metadata:
  name: jaeger-injector
  namespace: linkerd-jaeger
  labels:
    linkerd.io/extension: jaeger
    component: jaeger-injector
spec:
  type: ClusterIP
  selector:
    linkerd.io/extension: jaeger
    component: jaeger-injector
  ports:
  - name: jaeger-injector
    port: 443
    targetPort: jaeger-injector
---
apiVersion: policy.linkerd.io/v1beta2
kind: Server
metadata:
  namespace: linkerd-jaeger
  name: jaeger-injector-webhook
  labels:
    linkerd.io/extension: jaeger
    component: jaeger-injector
  annotations:
    linkerd.io/created-by: linkerd/helm dev-undefined
spec:
  podSelector:
    matchLabels:
      linkerd.io/extension: jaeger
      component: jaeger-injector
  port: jaeger-injector
  proxyProtocol: TLS
---
apiVersion: policy.linkerd.io/v1alpha1
kind: AuthorizationPolicy
metadata:
  namespace: linkerd-jaeger
  name: jaeger-injector
  labels:
    linkerd.io/extension: jaeger
    component: jaeger-injector
  annotations:
    linkerd.io/created-by: linkerd/helm dev-undefined
spec:
  targetRef:
    group: policy.linkerd.io
    kind: Server
    name: jaeger-injector-webhook
  requiredAuthenticationRefs:
  - group: policy.linkerd.io
    kind: NetworkAuthentication
    name: kube-api-server
---
apiVersion: policy.linkerd.io/v1alpha1
kind: NetworkAuthentication
metadata:
  namespace: linkerd-jaeger
  name: kube-api-server
  labels:
    linkerd.io/extension: viz
  annotations:
    linkerd.io/created-by: linkerd/helm dev-undefined
spec:
  # Ideally, this should be restricted to the actual set of IPs the kube-api
  # server uses for webhooks in a cluster. This can't easily be discovered.
  networks:
  - cidr: "0.0.0.0/0"
  - cidr: "::/0"
---
###
### Jaeger Injector RBAC
###
kind: ClusterRole
apiVersion: rbac.authorization.k8s.io/v1
metadata:
  name: linkerd-jaeger-injector
  labels:
    linkerd.io/extension: jaeger
rules:
- apiGroups: [""]
  resources: ["namespaces"]
  verbs: ["get", "list", "watch"]
---
kind: ClusterRoleBinding
apiVersion: rbac.authorization.k8s.io/v1
metadata:
  name: linkerd-jaeger-injector
  labels:
    linkerd.io/extension: jaeger
subjects:
- kind: ServiceAccount
  name: jaeger-injector
  namespace: linkerd-jaeger
  apiGroup: ""
roleRef:
  kind: ClusterRole
  name: linkerd-jaeger-injector
  apiGroup: rbac.authorization.k8s.io
---
kind: ServiceAccount
apiVersion: v1
metadata:
  name: jaeger-injector
  namespace: linkerd-jaeger
  labels:
    linkerd.io/extension: jaeger
---
apiVersion: admissionregistration.k8s.io/v1
kind: MutatingWebhookConfiguration
metadata:
  name: linkerd-jaeger-injector-webhook-config
  labels:
    linkerd.io/extension: jaeger
webhooks:
- name: jaeger-injector.linkerd.io
  namespaceSelector:
    matchExpressions:
    - key: kubernetes.io/metadata.name
      operator: NotIn
      values:
      - kube-system
  clientConfig:
    service:
      name: jaeger-injector
      namespace: linkerd-jaeger
      path: "/"
    caBundle: dGVzdC13ZWJob29rLWNhLWJ1bmRsZQ==
  failurePolicy: Ignore
  admissionReviewVersions: ["v1", "v1beta1"]
  reinvocationPolicy: IfNeeded
  rules:
  - operations: [ "CREATE" ]
    apiGroups: [""]
    apiVersions: ["v1"]
    resources: ["pods"]
    scope: "Namespaced"
  sideEffects: None
---
###
### jaeger RBAC
###
kind: ServiceAccount
apiVersion: v1
metadata:
  name: jaeger
  namespace: linkerd-jaeger
  labels:
    linkerd.io/extension: jaeger
---
###
### Tracing Jaeger Service
###
apiVersion: v1
kind: Service
metadata:
  name: jaeger
  namespace: linkerd-jaeger
  labels:
    linkerd.io/extension: jaeger
    component: jaeger
spec:
  type: ClusterIP
  selector:
    component: jaeger
  ports:
    - name: collection
      port: 14268
    - name: grpc
      port: 14250
    - name: ui
      port: 16686
---
apiVersion: apps/v1
kind: Deployment
metadata:
  labels:
    linkerd.io/extension: jaeger
    app.kubernetes.io/name: jaeger
    app.kubernetes.io/part-of: Linkerd
    component: jaeger
  name: jaeger
  namespace: linkerd-jaeger
spec:
  replicas: 1
  selector:
    matchLabels:
      component: jaeger
  template:
    metadata:
      annotations:
        linkerd.io/inject: enabled
        config.linkerd.io/proxy-await: "enabled"
        prometheus.io/path: /metrics
        prometheus.io/port: "14269"
        prometheus.io/scrape: "true"
        cluster-autoscaler.kubernetes.io/safe-to-evict: "true"
      labels:
        linkerd.io/extension: jaeger
        component: jaeger
    spec:
      nodeSelector:
        kubernetes.io/os: linux
      containers:
      - args:
        - --query.base-path=/jaeger
        image: jaegertracing/all-in-one:1.31
        name: jaeger
        ports:
        - containerPort: 14269
          name: admin
        - containerPort: 14268
          name: collection
        - containerPort: 14250
          name: grpc
        - containerPort: 16686
          name: ui
        resources:
        securityContext:
          allowPrivilegeEscalation: false
          capabilities:
            drop:
            - ALL
          readOnlyRootFilesystem: true
          runAsNonRoot: true
          runAsUser: 2103
          seccompProfile:
            type: RuntimeDefault
      dnsPolicy: ClusterFirst
      securityContext:
        seccompProfile:
          type: RuntimeDefault
      serviceAccountName: jaeger
