---
kind: Namespace
apiVersion: v1
metadata:
  name: linkerd-jaeger
  labels:
    linkerd.io/extension: jaeger
---
apiVersion: policy.linkerd.io/v1beta1
kind: Server
metadata:
  namespace: linkerd-jaeger
  name: proxy-admin
  labels:
    linkerd.io/extension: jaeger
  annotations:
    linkerd.io/created-by: linkerd/helm dev-undefined
spec:
  podSelector:
    matchLabels:
      linkerd.io/extension: jaeger
  port: linkerd-admin
  proxyProtocol: HTTP/1
---
apiVersion: policy.linkerd.io/v1beta1
kind: ServerAuthorization
metadata:
  namespace: linkerd-jaeger
  name: proxy-admin
  labels:
    linkerd.io/extension: jaeger
  annotations:
    linkerd.io/created-by: linkerd/helm dev-undefined
spec:
  server:
    name: proxy-admin
  client:
    # for kubelet probes
    unauthenticated: true

---
###
### Jaeger Injector
###
apiVersion: apps/v1
kind: Deployment
metadata:
  labels:
    linkerd.io/extension: jaeger
    app.kubernetes.io/name: jaeger-injector
    app.kubernetes.io/part-of: Linkerd
    app.kubernetes.io/version: dev-undefined
    component: jaeger-injector
  name: jaeger-injector
  namespace: linkerd-jaeger
spec:
  replicas: 1
  selector:
    matchLabels:
      linkerd.io/extension: jaeger
      component: jaeger-injector
  template:
    metadata:
      annotations:
        checksum/config: d10abe745e0df2e543fb40fcfecf1df813afc2259991761174790f0735959752
        linkerd.io/inject: enabled
        config.linkerd.io/proxy-await: "enabled"
        cluster-autoscaler.kubernetes.io/safe-to-evict: "true"
      labels:
        linkerd.io/extension: jaeger
        component: jaeger-injector
    spec:
      nodeSelector:
        kubernetes.io/os: linux
      containers:
      - args:
        - -collector-svc-addr=collector.linkerd-jaeger:55678
        - -collector-svc-account=collector
        - -log-level=info
        - -cluster-domain=cluster.local
        - -linkerd-namespace=linkerd
        - -enable-pprof=false
        image: cr.l5d.io/linkerd/jaeger-webhook:dev-undefined
        imagePullPolicy: IfNotPresent
        livenessProbe:
          httpGet:
            path: /ping
            port: 9995
          initialDelaySeconds: 10
        name: jaeger-injector
        ports:
        - containerPort: 8443
          name: jaeger-injector
        - containerPort: 9995
          name: admin-http
        readinessProbe:
          failureThreshold: 7
          httpGet:
            path: /ready
            port: 9995
        securityContext:
          runAsUser: 2103
        volumeMounts:
        - mountPath: /var/run/linkerd/tls
          name: tls
          readOnly: true
        resources:
      serviceAccountName: jaeger-injector
      volumes:
      - name: tls
        secret:
          secretName: jaeger-injector-k8s-tls
---
kind: Service
apiVersion: v1
metadata:
  name: jaeger-injector
  namespace: linkerd-jaeger
  labels:
    linkerd.io/extension: jaeger
    component: jaeger-injector
spec:
  type: ClusterIP
  selector:
    linkerd.io/extension: jaeger
    component: jaeger-injector
  ports:
  - name: jaeger-injector
    port: 443
    targetPort: jaeger-injector
---
apiVersion: policy.linkerd.io/v1beta1
kind: Server
metadata:
  namespace: linkerd-jaeger
  name: jaeger-injector-webhook
  labels:
    linkerd.io/extension: jaeger
    component: jaeger-injector
  annotations:
    linkerd.io/created-by: linkerd/helm dev-undefined
spec:
  podSelector:
    matchLabels:
      linkerd.io/extension: jaeger
      component: jaeger-injector
  port: jaeger-injector
  proxyProtocol: TLS
---
apiVersion: policy.linkerd.io/v1beta1
kind: Server
metadata:
  namespace: linkerd-jaeger
  name: jaeger-injector-admin
  labels:
    linkerd.io/extension: jaeger
    component: jaeger-injector
  annotations:
    linkerd.io/created-by: linkerd/helm dev-undefined
spec:
  podSelector:
    matchLabels:
      linkerd.io/extension: jaeger
      component: jaeger-injector
  port: admin-http
  proxyProtocol: HTTP/1
---
apiVersion: policy.linkerd.io/v1beta1
kind: ServerAuthorization
metadata:
  namespace: linkerd-jaeger
  name: jaeger-injector
  labels:
    linkerd.io/extension: jaeger
    component: jaeger-injector
  annotations:
    linkerd.io/created-by: linkerd/helm dev-undefined
spec:
  server:
    selector:
      matchLabels:
        linkerd.io/extension: jaeger
        component: jaeger-injector
  client:
    # traffic coming from the kubelet and from kube-api
    unauthenticated: true
---
###
### collector RBAC
###
kind: ServiceAccount
apiVersion: v1
metadata:
  name: collector
  namespace: linkerd-jaeger
---
###
### Jaeger Injector RBAC
###
kind: ClusterRole
apiVersion: rbac.authorization.k8s.io/v1
metadata:
  name: linkerd-jaeger-injector
  labels:
    linkerd.io/extension: jaeger
rules:
- apiGroups: [""]
  resources: ["namespaces"]
  verbs: ["get", "list", "watch"]
---
kind: ClusterRoleBinding
apiVersion: rbac.authorization.k8s.io/v1
metadata:
  name: linkerd-jaeger-injector
  labels:
    linkerd.io/extension: jaeger
subjects:
- kind: ServiceAccount
  name: jaeger-injector
  namespace: linkerd-jaeger
  apiGroup: ""
roleRef:
  kind: ClusterRole
  name: linkerd-jaeger-injector
  apiGroup: rbac.authorization.k8s.io
---
kind: ServiceAccount
apiVersion: v1
metadata:
  name: jaeger-injector
  namespace: linkerd-jaeger
---
apiVersion: admissionregistration.k8s.io/v1
kind: MutatingWebhookConfiguration
metadata:
  name: linkerd-jaeger-injector-webhook-config
  labels:
    linkerd.io/extension: jaeger
webhooks:
- name: jaeger-injector.linkerd.io
  clientConfig:
    service:
      name: jaeger-injector
      namespace: linkerd-jaeger
      path: "/"
    caBundle: dGVzdC13ZWJob29rLWNhLWJ1bmRsZQ==
  failurePolicy: Ignore
  admissionReviewVersions: ["v1", "v1beta1"]
  reinvocationPolicy: IfNeeded
  rules:
  - operations: [ "CREATE" ]
    apiGroups: [""]
    apiVersions: ["v1"]
    resources: ["pods"]
  sideEffects: None
---
###
### Tracing Collector Service
###
apiVersion: v1
kind: ConfigMap
metadata:
  name: collector-config
  namespace: linkerd-jaeger
  labels:
    linkerd.io/extension: jaeger
    component: collector
data:
  collector-config: |
    receivers:
      otlp:
        protocols:
          grpc:
          http:
      opencensus:
      zipkin:
      jaeger:
        protocols:
          grpc:
          thrift_http:
          thrift_compact:
          thrift_binary:
    processors:
      batch:
    extensions:
      health_check:
    exporters:
      jaeger:
        endpoint: jaeger.${POD_NAMESPACE}:14250
        tls:
          insecure: true
    service:
      extensions: [health_check]
      pipelines:
        traces:
          receivers: [otlp,opencensus,zipkin,jaeger]
          processors: [batch]
          exporters: [jaeger]
---
apiVersion: v1
kind: Service
metadata:
  name: collector
  namespace: linkerd-jaeger
  labels:
    linkerd.io/extension: jaeger
    component: collector
spec:
  type: ClusterIP
  ports:
  - name: otlp
    port: 4317
    protocol: TCP
    targetPort: 4317
  - name: opencensus
    port: 55678
    protocol: TCP
    targetPort: 55678
  - name: zipkin
    port: 9411
    protocol: TCP
    targetPort: 9411
  - name: jaeger-thrift
    port: 14268
    protocol: TCP
    targetPort: 14268
  - name: jaeger-grpc
    port: 14250
    protocol: TCP
    targetPort: 14250
  selector:
    component: collector
---
apiVersion: apps/v1
kind: Deployment
metadata:
  labels:
    linkerd.io/extension: jaeger
    app.kubernetes.io/name: collector
    app.kubernetes.io/part-of: Linkerd
    component: collector
  name: collector
  namespace: linkerd-jaeger
spec:
  replicas: 1
  selector:
    matchLabels:
      component: collector
  minReadySeconds: 5
  progressDeadlineSeconds: 120
  template:
    metadata:
      annotations:
        linkerd.io/inject: enabled
        config.linkerd.io/proxy-await: "enabled"
        prometheus.io/path: /metrics
        prometheus.io/port: "8888"
        prometheus.io/scrape: "true"
        cluster-autoscaler.kubernetes.io/safe-to-evict: "true"
      labels:
        linkerd.io/extension: jaeger
        component: collector
    spec:
      nodeSelector:
        kubernetes.io/os: linux
      containers:
      - command:
        - /otelcol
        - --config=/conf/collector-config.yaml
        env:
        - name: GOGC
          value: "80"
        - name: POD_NAMESPACE
          valueFrom:
            fieldRef:
              apiVersion: v1
              fieldPath: metadata.namespace
        image: otel/opentelemetry-collector:0.43.0
        imagePullPolicy: Always
        livenessProbe:
          httpGet:
            path: /
            port: 13133
        name: ot-collector
        ports:
        - containerPort: 13133
        - containerPort: 4317
        - containerPort: 55678
        - containerPort: 9411
        - containerPort: 14268
        - containerPort: 14250
        - containerPort: 8888
        readinessProbe:
          httpGet:
            path: /
            port: 13133
        resources:
        securityContext:
          runAsUser: 2103
        volumeMounts:
        - mountPath: /conf
          name: collector-config-val
      serviceAccountName: collector
      volumes:
      - configMap:
          items:
          - key: collector-config
            path: collector-config.yaml
          name: collector-config
        name: collector-config-val
---
apiVersion: policy.linkerd.io/v1beta1
kind: Server
metadata:
  namespace: linkerd-jaeger
  name: collector-otlp
  labels:
    linkerd.io/extension: jaeger
    component: collector
  annotations:
    linkerd.io/created-by: linkerd/helm dev-undefined
spec:
  podSelector:
    matchLabels:
      component: collector
  port: 4317
  proxyProtocol: gRPC
---
apiVersion: policy.linkerd.io/v1beta1
kind: Server
metadata:
  namespace: linkerd-jaeger
  name: collector-opencensus
  labels:
    linkerd.io/extension: jaeger
    component: collector
  annotations:
    linkerd.io/created-by: linkerd/helm dev-undefined
spec:
  podSelector:
    matchLabels:
      component: collector
  port: 55678
  proxyProtocol: gRPC
---
apiVersion: policy.linkerd.io/v1beta1
kind: Server
metadata:
  namespace: linkerd-jaeger
  name: collector-zipkin
  labels:
    linkerd.io/extension: jaeger
    component: collector
  annotations:
    linkerd.io/created-by: linkerd/helm dev-undefined
spec:
  podSelector:
    matchLabels:
      component: collector
  port: 9411
---
apiVersion: policy.linkerd.io/v1beta1
kind: Server
metadata:
  namespace: linkerd-jaeger
  name: collector-jaeger-thrift
  labels:
    linkerd.io/extension: jaeger
    component: collector
  annotations:
    linkerd.io/created-by: linkerd/helm dev-undefined
spec:
  podSelector:
    matchLabels:
      component: collector
  port: 14268
---
apiVersion: policy.linkerd.io/v1beta1
kind: Server
metadata:
  namespace: linkerd-jaeger
  name: collector-jaeger-grpc
  labels:
    linkerd.io/extension: jaeger
    component: collector
  annotations:
    linkerd.io/created-by: linkerd/helm dev-undefined
spec:
  podSelector:
    matchLabels:
      component: collector
  port: 14250
---
apiVersion: policy.linkerd.io/v1beta1
kind: Server
metadata:
  namespace: linkerd-jaeger
  name: collector-admin
  labels:
    linkerd.io/extension: jaeger
    component: collector
  annotations:
    linkerd.io/created-by: linkerd/helm dev-undefined
spec:
  podSelector:
    matchLabels:
      component: collector
  port: 13133
  proxyProtocol: HTTP/1
---
apiVersion: policy.linkerd.io/v1beta1
kind: ServerAuthorization
metadata:
  namespace: linkerd-jaeger
  name: collector
  labels:
    linkerd.io/extension: jaeger
    component: collector
  annotations:
    linkerd.io/created-by: linkerd/helm dev-undefined
spec:
  server:
    selector:
      matchLabels:
        linkerd.io/extension: jaeger
        component: collector
  client:
    # allow connections from any pod (meshed or not) sending trace data
    unauthenticated: true
