[OK] Create message queue MQTestQueue
[OK] Published message. Message count: 1
[OK] Consumed message. Message count: 0
