\[
  \{
    "namespace": "external\-prometheus",
    "ip": "\d+\.\d+\.\d+\.\d+",
    "port": 9090,
    "pod": "prometheus\-[a-f0-9]+\-[a-z0-9]+",
    "service": "prometheus.external\-prometheus"
  \},
  \{
    "namespace": "{{.Ns}}",
    "ip": "\d+\.\d+\.\d+\.\d+",
    "port": 8086,
    "pod": "linkerd\-destination\-[a-f0-9]+\-[a-z0-9]+",
    "service": "linkerd\-dst\.{{.Ns}}"
  \},
  \{
    "namespace": "{{.Ns}}",
    "ip": "\d+\.\d+\.\d+\.\d+",
    "port": 8080,
    "pod": "linkerd\-identity\-[a-f0-9]+\-[a-z0-9]+",
    "service": "linkerd\-identity\.{{.Ns}}"
  \},
  \{
    "namespace": "{{.Ns}}",
    "ip": "\d+\.\d+\.\d+\.\d+",
    "port": 8443,
    "pod": "linkerd\-proxy\-injector-[a-f0-9]+\-[a-z0-9]+",
    "service": "linkerd\-proxy\-injector\.{{.Ns}}"
  \}
\]
