
deployment "nginx" annotated
deployment "nginx" injected

