
deployment "redis" annotated
deployment "redis" injected

