
deployment "redis" injected


deployment "nginx" injected

