{
  "success": false,
  "categories": [
    {
      "categoryName": "category",
      "checks": [
        {
          "description": "check1",
          "result": "success"
        },
        {
          "description": "check2",
          "hint": "https://linkerd.io/2/checks/#hint-anchor",
          "error": "This should contain instructions for fail",
          "result": "error"
        }
      ]
    }
  ]
}
