Error transforming resources:
failed to inject deployment/nginx: automountServiceAccountToken set to "false", with Values.identity.serviceAccountTokenProjection set to "false"