
deployment "get-test-deploy-injected-1" injected
deployment "get-test-deploy-injected-2" injected

