Error transforming resources:
--manual must be set when injecting control plane components