---
apiVersion: apiextensions.k8s.io/v1
kind: CustomResourceDefinition
metadata:
  name: authorizationpolicies.policy.linkerd.io
  annotations:
    linkerd.io/created-by: linkerd/cli dev-undefined
  labels:
    helm.sh/chart: linkerd-crds-1.1.0-edge
    linkerd.io/control-plane-ns: linkerd
spec:
  group: policy.linkerd.io
  scope: Namespaced
  names:
    kind: AuthorizationPolicy
    plural: authorizationpolicies
    singular: authorizationpolicy
    shortNames: []
  versions:
    - name: v1alpha1
      served: true
      storage: true
      schema:
        openAPIV3Schema:
          type: object
          required: [spec]
          properties:
            spec:
              description: >-
                Authorizes clients to communicate with Linkerd-proxied server
                resources.
              type: object
              required: [targetRef, requiredAuthenticationRefs]
              properties:
                targetRef:
                  description: >-
                    TargetRef references a resource to which the authorization
                    policy applies.
                  type: object
                  required: [kind, name]
                  # Modified from the gateway API.
                  # Copyright 2020 The Kubernetes Authors
                  properties:
                    group:
                      description: >-
                        Group is the group of the referent. When empty, the
                        Kubernetes core API group is inferred.
                      maxLength: 253
                      pattern: ^$|^[a-z0-9]([-a-z0-9]*[a-z0-9])?(\.[a-z0-9]([-a-z0-9]*[a-z0-9])?)*$
                      type: string
                    kind:
                      description: >-
                        Kind is the kind of the referent.
                      maxLength: 63
                      minLength: 1
                      pattern: ^[a-zA-Z]([-a-zA-Z0-9]*[a-zA-Z0-9])?$
                      type: string
                    name:
                      description: Name is the name of the referent.
                      maxLength: 253
                      minLength: 1
                      type: string
                requiredAuthenticationRefs:
                  description: >-
                    RequiredAuthenticationRefs enumerates a set of required
                    authentications. ALL authentications must be satisfied for
                    the authorization to apply. If any of the referred objects
                    cannot be found, the authorization will be ignored.
                  type: array
                  items:
                    type: object
                    required: [kind, name]
                    properties:
                      group:
                        description: >-
                          Group is the group of the referent. When empty, the
                          Kubernetes core API group is inferred."
                        maxLength: 253
                        pattern: ^$|^[a-z0-9]([-a-z0-9]*[a-z0-9])?(\.[a-z0-9]([-a-z0-9]*[a-z0-9])?)*$
                        type: string
                      kind:
                        description: >-
                          Kind is the kind of the referent.
                        maxLength: 63
                        minLength: 1
                        pattern: ^[a-zA-Z]([-a-zA-Z0-9]*[a-zA-Z0-9])?$
                        type: string
                      name:
                        description: >-
                          Name is the name of the referent.
                        maxLength: 253
                        minLength: 1
                        type: string
                      namespace:
                        description: >-
                          Name is the name of the referent. When unspecified,
                          this authentication refers to the local namespace.
                        maxLength: 253
                        type: string
---
apiVersion: apiextensions.k8s.io/v1
kind: CustomResourceDefinition
metadata:
  name: meshtlsauthentications.policy.linkerd.io
  annotations:
    linkerd.io/created-by: linkerd/cli dev-undefined
  labels:
    helm.sh/chart: linkerd-crds-1.1.0-edge
    linkerd.io/control-plane-ns: linkerd
spec:
  group: policy.linkerd.io
  scope: Namespaced
  names:
    kind: MeshTLSAuthentication
    plural: meshtlsauthentications
    singular: meshtlsauthentication
    shortNames: []
  versions:
    - name: v1alpha1
      served: true
      storage: true
      schema:
        openAPIV3Schema:
          type: object
          required: [spec]
          properties:
            spec:
              description: >-
                MeshTLSAuthentication defines a list of authenticated client IDs
                to be referenced by an `AuthorizationPolicy`. If a client
                connection has the mutually-authenticated identity that matches
                ANY of the of the provided identities, the connection is
                considered authenticated.
              type: object
              oneOf:
                - required: [identities]
                - required: [identityRefs]
              properties:
                identities:
                  description: >-
                    Authorizes clients with the provided proxy identity strings
                    (as provided via MTLS)

                    The `*` prefix can be used to match all identities in
                    a domain. An identity string of `*` indicates that
                    all authentication clients are authorized.
                  type: array
                  items:
                    type: string
                    pattern: '^(\*|[a-z0-9]([-a-z0-9]*[a-z0-9])?)(\.[a-z0-9]([-a-z0-9]*[a-z0-9])?)*$'
                identityRefs:
                  type: array
                  items:
                    type: object
                    required:
                      - kind
                    properties:
                      group:
                        description: >-
                          Group is the group of the referent. When empty, the
                          Kubernetes core API group is inferred."
                        maxLength: 253
                        pattern: ^$|^[a-z0-9]([-a-z0-9]*[a-z0-9])?(\.[a-z0-9]([-a-z0-9]*[a-z0-9])?)*$
                        type: string
                      kind:
                        description: >-
                          Kind is the kind of the referent.
                        maxLength: 63
                        minLength: 1
                        pattern: ^[a-zA-Z]([-a-zA-Z0-9]*[a-zA-Z0-9])?$
                        type: string
                      name:
                        description: >-
                          Name is the name of the referent. When unspecified,
                          this refers to all resources of the specified Group
                          and Kind in the specified namespace.
                        maxLength: 253
                        minLength: 1
                        type: string
                      namespace:
                        description: >-
                          Name is the name of the referent. When unspecified,
                          this authentication refers to the local namespace.
                        maxLength: 253
                        type: string
---
apiVersion: apiextensions.k8s.io/v1
kind: CustomResourceDefinition
metadata:
  name: networkauthentications.policy.linkerd.io
  annotations:
    linkerd.io/created-by: linkerd/cli dev-undefined
  labels:
    helm.sh/chart: linkerd-crds-1.1.0-edge
    linkerd.io/control-plane-ns: linkerd
spec:
  group: policy.linkerd.io
  scope: Namespaced
  names:
    kind: NetworkAuthentication
    plural: networkauthentications
    singular: networkauthentication
    shortNames: []
  versions:
    - name: v1alpha1
      served: true
      storage: true
      schema:
        openAPIV3Schema:
          type: object
          required: [spec]
          properties:
            spec:
              description: >-
                NetworkAuthentication defines a list of authenticated client
                networks to be referenced by an `AuthorizationPolicy`. If a
                client connection originates from ANY of the of the provided
                networks, the connection is considered authenticated.
              type: object
              required: [networks]
              properties:
                networks:
                  type: array
                  items:
                    type: object
                    required: [cidr]
                    properties:
                      cidr:
                        description: >-
                          The CIDR of the network to be authorized.
                        type: string
                      except:
                        description: >-
                          A list of IP networks/addresses not to be included in
                          the above `cidr`.
                        type: array
                        items:
                          type: string
---
apiVersion: apiextensions.k8s.io/v1
kind: CustomResourceDefinition
metadata:
  name: servers.policy.linkerd.io
  annotations:
    linkerd.io/created-by: linkerd/cli dev-undefined
  labels:
    helm.sh/chart: linkerd-crds-1.1.0-edge
    linkerd.io/control-plane-ns: linkerd
spec:
  group: policy.linkerd.io
  names:
    kind: Server
    plural: servers
    singular: server
    shortNames: [srv]
  scope: Namespaced
  versions:
    - name: v1alpha1
      served: true
      storage: false
      deprecated: true
      deprecationWarning: "policy.linkerd.io/v1alpha1 Server is deprecated; use policy.linkerd.io/v1beta1 Server"
      schema:
        openAPIV3Schema:
          type: object
          required: [spec]
          properties:
            spec:
              type: object
              required:
                - podSelector
                - port
              properties:
                podSelector:
                  type: object
                  description: >-
                    Selects pods in the same namespace.
                  oneOf:
                    - required: [matchExpressions]
                    - required: [matchLabels]
                  properties:
                    matchLabels:
                      type: object
                      x-kubernetes-preserve-unknown-fields: true
                    matchExpressions:
                      type: array
                      items:
                        type: object
                        required: [key, operator]
                        properties:
                          key:
                            type: string
                          operator:
                            type: string
                            enum: [In, NotIn, Exists, DoesNotExist]
                          values:
                            type: array
                            items:
                              type: string
                port:
                  description: >-
                    A port name or number. Must exist in a pod spec.
                  x-kubernetes-int-or-string: true
                proxyProtocol:
                  description: >-
                    Configures protocol discovery for inbound connections.

                    Supersedes the `config.linkerd.io/opaque-ports` annotation.
                  type: string
                  default: unknown
                  enum:
                    - unknown
                    - HTTP/1
                    - HTTP/2
                    - gRPC
                    - opaque
                    - TLS
    - name: v1beta1
      served: true
      storage: true
      schema:
        openAPIV3Schema:
          type: object
          required: [spec]
          properties:
            spec:
              type: object
              required:
                - podSelector
                - port
              properties:
                podSelector:
                  type: object
                  description: >-
                    Selects pods in the same namespace.

                    The result of matchLabels and matchExpressions are ANDed.
                    Selects all if empty.
                  properties:
                    matchLabels:
                      type: object
                      x-kubernetes-preserve-unknown-fields: true
                    matchExpressions:
                      type: array
                      items:
                        type: object
                        required: [key, operator]
                        properties:
                          key:
                            type: string
                          operator:
                            type: string
                            enum: [In, NotIn, Exists, DoesNotExist]
                          values:
                            type: array
                            items:
                              type: string
                port:
                  description: >-
                    A port name or number. Must exist in a pod spec.
                  x-kubernetes-int-or-string: true
                proxyProtocol:
                  description: >-
                    Configures protocol discovery for inbound connections.

                    Supersedes the `config.linkerd.io/opaque-ports` annotation.
                  type: string
                  default: unknown
                  enum:
                    - unknown
                    - HTTP/1
                    - HTTP/2
                    - gRPC
                    - opaque
                    - TLS
      additionalPrinterColumns:
      - name: Port
        type: string
        description: The port the server is listening on
        jsonPath: .spec.port
      - name: Protocol
        type: string
        description: The protocol of the server
        jsonPath: .spec.proxyProtocol
---
apiVersion: apiextensions.k8s.io/v1
kind: CustomResourceDefinition
metadata:
  name: serverauthorizations.policy.linkerd.io
  annotations:
    linkerd.io/created-by: linkerd/cli dev-undefined
  labels:
    helm.sh/chart: linkerd-crds-1.1.0-edge
    linkerd.io/control-plane-ns: linkerd
spec:
  group: policy.linkerd.io
  scope: Namespaced
  names:
    kind: ServerAuthorization
    plural: serverauthorizations
    singular: serverauthorization
    shortNames: [saz]
  versions:
    - name: v1alpha1
      served: true
      storage: false
      deprecated: true
      deprecationWarning: "policy.linkerd.io/v1alpha1 ServerAuthorization is deprecated; use policy.linkerd.io/v1beta1 ServerAuthorization"
      schema:
        openAPIV3Schema:
          type: object
          required: [spec]
          properties:
            spec:
              description: >-
                Authorizes clients to communicate with Linkerd-proxied servers.
              type: object
              required: [server, client]
              properties:
                server:
                  description: >-
                    Identifies servers in the same namespace for which this
                    authorization applies.

                    Only one of `name` or `selector` may be specified.
                  type: object
                  oneOf:
                    - required: [name]
                    - required: [selector]
                  properties:
                    name:
                      description: References a `Server` instance by name
                      type: string
                      pattern: '^[a-z0-9]([-a-z0-9]*[a-z0-9])?$'
                    selector:
                      description: >-
                        A label query over servers on which this authorization applies.
                      type: object
                      properties:
                        matchLabels:
                          type: object
                          x-kubernetes-preserve-unknown-fields: true
                        matchExpressions:
                          type: array
                          items:
                            type: object
                            required: [key, operator]
                            properties:
                              key:
                                type: string
                              operator:
                                type: string
                                enum: [In, NotIn, Exists, DoesNotExist]
                              values:
                                type: array
                                items:
                                  type: string
                client:
                  description:  Describes clients authorized to access a server.
                  type: object
                  properties:
                    networks:
                      description: >-
                        Limits the client IP addresses to which this
                        authorization applies. If unset, the server chooses a
                        default (typically, all IPs or the cluster's pod
                        network).
                      type: array
                      items:
                        type: object
                        required: [cidr]
                        properties:
                          cidr:
                            type: string
                          except:
                            type: array
                            items:
                              type: string
                    unauthenticated:
                      description: >-
                        Authorizes unauthenticated clients to access a server.
                      type: boolean
                    meshTLS:
                      type: object
                      properties:
                        unauthenticatedTLS:
                          type: boolean
                          description: >-
                            Indicates that no client identity is required for
                            communication.

                            This is mostly important for the identity
                            controller, which must terminate TLS connections
                            from clients that do not yet have a certificate.
                        identities:
                          description: >-
                            Authorizes clients with the provided proxy identity
                            strings (as provided via MTLS)

                            The `*` prefix can be used to match all identities in
                            a domain. An identity string of `*` indicates that
                            all authentication clients are authorized.
                          type: array
                          items:
                            type: string
                            pattern: '^(\*|[a-z0-9]([-a-z0-9]*[a-z0-9])?)(\.[a-z0-9]([-a-z0-9]*[a-z0-9])?)*$'
                        serviceAccounts:
                          description: >-
                            Authorizes clients with the provided proxy identity
                            service accounts (as provided via MTLS)
                          type: array
                          items:
                            type: object
                            required: [name]
                            properties:
                              name:
                                description: The ServiceAccount's name.
                                type: string
                                pattern: '^[a-z0-9]([-a-z0-9]*[a-z0-9])?$'
                              namespace:
                                description: >-
                                  The ServiceAccount's namespace. If unset, the
                                  authorization's namespace is used.
                                type: string
                                pattern: '^[a-z0-9]([-a-z0-9]*[a-z0-9])?$'
    - name: v1beta1
      served: true
      storage: true
      schema:
        openAPIV3Schema:
          type: object
          required: [spec]
          properties:
            spec:
              description: >-
                Authorizes clients to communicate with Linkerd-proxied servers.
              type: object
              required: [server, client]
              properties:
                server:
                  description: >-
                    Identifies servers in the same namespace for which this
                    authorization applies.

                    Only one of `name` or `selector` may be specified.
                  type: object
                  oneOf:
                    - required: [name]
                    - required: [selector]
                  properties:
                    name:
                      description: References a `Server` instance by name
                      type: string
                      pattern: '^[a-z0-9]([-a-z0-9]*[a-z0-9])?$'
                    selector:
                      description: >-
                        A label query over servers on which this authorization applies.
                      type: object
                      properties:
                        matchLabels:
                          type: object
                          x-kubernetes-preserve-unknown-fields: true
                        matchExpressions:
                          type: array
                          items:
                            type: object
                            required: [key, operator]
                            properties:
                              key:
                                type: string
                              operator:
                                type: string
                                enum: [In, NotIn, Exists, DoesNotExist]
                              values:
                                type: array
                                items:
                                  type: string
                client:
                  description:  Describes clients authorized to access a server.
                  type: object
                  properties:
                    networks:
                      description: >-
                        Limits the client IP addresses to which this
                        authorization applies. If unset, the server chooses a
                        default (typically, all IPs or the cluster's pod
                        network).
                      type: array
                      items:
                        type: object
                        required: [cidr]
                        properties:
                          cidr:
                            type: string
                          except:
                            type: array
                            items:
                              type: string
                    unauthenticated:
                      description: >-
                        Authorizes unauthenticated clients to access a server.
                      type: boolean
                    meshTLS:
                      type: object
                      properties:
                        unauthenticatedTLS:
                          type: boolean
                          description: >-
                            Indicates that no client identity is required for
                            communication.

                            This is mostly important for the identity
                            controller, which must terminate TLS connections
                            from clients that do not yet have a certificate.
                        identities:
                          description: >-
                            Authorizes clients with the provided proxy identity
                            strings (as provided via MTLS)

                            The `*` prefix can be used to match all identities in
                            a domain. An identity string of `*` indicates that
                            all authentication clients are authorized.
                          type: array
                          items:
                            type: string
                            pattern: '^(\*|[a-z0-9]([-a-z0-9]*[a-z0-9])?)(\.[a-z0-9]([-a-z0-9]*[a-z0-9])?)*$'
                        serviceAccounts:
                          description: >-
                            Authorizes clients with the provided proxy identity
                            service accounts (as provided via MTLS)
                          type: array
                          items:
                            type: object
                            required: [name]
                            properties:
                              name:
                                description: The ServiceAccount's name.
                                type: string
                                pattern: '^[a-z0-9]([-a-z0-9]*[a-z0-9])?$'
                              namespace:
                                description: >-
                                  The ServiceAccount's namespace. If unset, the
                                  authorization's namespace is used.
                                type: string
                                pattern: '^[a-z0-9]([-a-z0-9]*[a-z0-9])?$'
      additionalPrinterColumns:
      - name: Server
        type: string
        description: The server that this grants access to
        jsonPath: .spec.server.name
---
###
### Service Profile CRD
###
apiVersion: apiextensions.k8s.io/v1
kind: CustomResourceDefinition
metadata:
  name: serviceprofiles.linkerd.io
  annotations:
    linkerd.io/created-by: linkerd/cli dev-undefined
  labels:
    helm.sh/chart: linkerd-crds-1.1.0-edge
    linkerd.io/control-plane-ns: linkerd
spec:
  group: linkerd.io
  versions:
  - name: v1alpha1
    served: true
    storage: false
    schema:
      openAPIV3Schema:
        type: object
        properties:
          spec:
            type: object
            description: Spec is the custom resource spec
            required:
            - routes
            properties:
              dstOverrides:
                type: array
                required:
                - authority
                - weight
                items:
                  type: object
                  description: WeightedDst is a weighted alternate destination.
                  properties:
                    authority:
                      type: string
                    weight:
                      x-kubernetes-int-or-string: true
                      anyOf:
                      - type: integer
                      - type: string
                      pattern: ^(\+|-)?(([0-9]+(\.[0-9]*)?)|(\.[0-9]+))(([KMGTPE]i)|[numkMGTPE]|([eE](\+|-)?(([0-9]+(\.[0-9]*)?)|(\.[0-9]+))))?$
              opaquePorts:
                type: array
                items:
                  type: string
              retryBudget:
                type: object
                required:
                - minRetriesPerSecond
                - retryRatio
                - ttl
                description: RetryBudget describes the maximum number of retries that should be issued to this service.
                properties:
                  minRetriesPerSecond:
                    format: int32
                    type: integer
                  retryRatio:
                    type: number
                    format: float
                  ttl:
                    type: string
              routes:
                type: array
                items:
                  type: object
                  description: RouteSpec specifies a Route resource.
                  required:
                  - condition
                  - name
                  properties:
                    condition:
                      type: object
                      description: RequestMatch describes the conditions under which to match a Route.
                      properties:
                        pathRegex:
                          type: string
                        method:
                          type: string
                        all:
                          type: array
                          items:
                            type: object
                            x-kubernetes-preserve-unknown-fields: true
                        any:
                          type: array
                          items:
                            type: object
                            x-kubernetes-preserve-unknown-fields: true
                        not:
                          type: array
                          items:
                            type: object
                            x-kubernetes-preserve-unknown-fields: true
                    isRetryable:
                      type: boolean
                    name:
                      type: string
                    timeout:
                      type: string
                    responseClasses:
                      type: array
                      items:
                        type: object
                        required:
                        - condition
                        description: ResponseClass describes how to classify a response (e.g. success or failures).
                        properties:
                          condition:
                            type: object
                            description: ResponseMatch describes the conditions under
                              which to classify a response.
                            properties:
                              all:
                                type: array
                                items:
                                  type: object
                                  x-kubernetes-preserve-unknown-fields: true
                              any:
                                type: array
                                items:
                                  type: object
                                  x-kubernetes-preserve-unknown-fields: true
                              not:
                                type: array
                                items:
                                  type: object
                                  x-kubernetes-preserve-unknown-fields: true
                              status:
                                type: object
                                description: Range describes a range of integers (e.g. status codes).
                                properties:
                                  max:
                                    format: int32
                                    type: integer
                                  min:
                                    format: int32
                                    type: integer
                          isFailure:
                            type: boolean
  - name: v1alpha2
    served: true
    storage: true
    schema:
      openAPIV3Schema:
        type: object
        properties:
          spec:
            type: object
            description: Spec is the custom resource spec
            properties:
              dstOverrides:
                type: array
                required:
                - authority
                - weight
                items:
                  type: object
                  description: WeightedDst is a weighted alternate destination.
                  properties:
                    authority:
                      type: string
                    weight:
                      x-kubernetes-int-or-string: true
                      anyOf:
                      - type: integer
                      - type: string
                      pattern: ^(\+|-)?(([0-9]+(\.[0-9]*)?)|(\.[0-9]+))(([KMGTPE]i)|[numkMGTPE]|([eE](\+|-)?(([0-9]+(\.[0-9]*)?)|(\.[0-9]+))))?$
              opaquePorts:
                type: array
                items:
                  type: string
              retryBudget:
                type: object
                required:
                - minRetriesPerSecond
                - retryRatio
                - ttl
                description: RetryBudget describes the maximum number of retries that should be issued to this service.
                properties:
                  minRetriesPerSecond:
                    format: int32
                    type: integer
                  retryRatio:
                    type: number
                    format: float
                  ttl:
                    type: string
              routes:
                type: array
                items:
                  type: object
                  description: RouteSpec specifies a Route resource.
                  required:
                  - condition
                  - name
                  properties:
                    condition:
                      type: object
                      description: RequestMatch describes the conditions under which to match a Route.
                      properties:
                        pathRegex:
                          type: string
                        method:
                          type: string
                        all:
                          type: array
                          items:
                            type: object
                            x-kubernetes-preserve-unknown-fields: true
                        any:
                          type: array
                          items:
                            type: object
                            x-kubernetes-preserve-unknown-fields: true
                        not:
                          type: array
                          items:
                            type: object
                            x-kubernetes-preserve-unknown-fields: true
                    isRetryable:
                      type: boolean
                    name:
                      type: string
                    timeout:
                      type: string
                    responseClasses:
                      type: array
                      items:
                        type: object
                        required:
                        - condition
                        description: ResponseClass describes how to classify a response (e.g. success or failures).
                        properties:
                          condition:
                            type: object
                            description: ResponseMatch describes the conditions under
                              which to classify a response.
                            properties:
                              all:
                                type: array
                                items:
                                  type: object
                                  x-kubernetes-preserve-unknown-fields: true
                              any:
                                type: array
                                items:
                                  type: object
                                  x-kubernetes-preserve-unknown-fields: true
                              not:
                                type: array
                                items:
                                  type: object
                                  x-kubernetes-preserve-unknown-fields: true
                              status:
                                type: object
                                description: Range describes a range of integers (e.g. status codes).
                                properties:
                                  max:
                                    format: int32
                                    type: integer
                                  min:
                                    format: int32
                                    type: integer
                          isFailure:
                            type: boolean
  scope: Namespaced
  preserveUnknownFields: false
  names:
    plural: serviceprofiles
    singular: serviceprofile
    kind: ServiceProfile
    shortNames:
    - sp
